
Running 113 tests using 1 worker

(node:18504) Warning: The 'NO_COLOR' env is ignored due to the 'FORCE_COLOR' env being set.
(Use `node --trace-warnings ...` to show where the warning was created)


[1/113] tests\e2e\blog.spec.ts:9:1 › 旧正文标题样式、未知语言回退和同前缀高亮在生产浏览器中正确
[2/113] tests\e2e\blog.spec.ts:53:1 › 106 篇文章可以通过真实后端翻到最后一页
[3/113] tests\e2e\blog.spec.ts:65:1 › 真实登录、草稿发布、公开发现和撤回形成完整闭环
[4/113] tests\e2e\blog.spec.ts:108:1 › 游客评论、回复、点赞刷新及网络失败重试不丢草稿
[5/113] tests\e2e\blog.spec.ts:139:1 › 三套主题在 390px 下可评论，Dock 导航保持可访问名称
[6/113] tests\e2e\blog.spec.ts:165:1 › 书签存储失败保留表单，非法导入不会覆盖已有数据
[7/113] tests\e2e\blog.spec.ts:207:1 › 真实闪念发布失败保留输入，编辑与归档同步公开 feed
[8/113] tests\e2e\blog.spec.ts:239:1 › 后台闪念草稿、失败重试、发布评论与归档恢复闭环
[9/113] tests\e2e\blog.spec.ts:284:1 › 后台专栏标签创建、文章引用和重命名同步公开入口
[10/113] tests\e2e\blog.spec.ts:335:1 › 改密失败不退出，成功后当前与其他设备旧会话失效
[11/113] tests\e2e\blog.spec.ts:368:1 › 后台评论上下文、回复失败重试与级联删除形成闭环
[12/113] tests\e2e\blog.spec.ts:415:1 › 后台六个页面在 390px 下导航可见且无页面横向溢出
[13/113] tests\e2e\blog.spec.ts:443:1 › 编辑时会话失效可原地重新登录并保留文章草稿
[14/113] tests\e2e\blog.spec.ts:482:1 › 两个编辑标签页发生版本冲突时保留双方正文并显式合并
[15/113] tests\e2e\blog.spec.ts:525:1 › 本机恢复先比较再载入，历史修订可恢复为新草稿
[16/113] tests\e2e\blog.spec.ts:563:1 › 草稿空闲后自动保存服务器，已发布内容只自动保存本机副本
[17/113] tests\e2e\blog.spec.ts:582:1 › 发布检查、SEO 和自定义地址同步公开页面及订阅入口
[18/113] tests\e2e\blog.spec.ts:631:1 › 媒体上传重试、替代文本、封面正文闪念选择与引用保护
[19/113] tests\e2e\blog.spec.ts:707:1 › 文章批量回收、断线结果查询、恢复与永久删除可在移动端完成
[20/113] tests\e2e\blog.spec.ts:784:1 › 评论先审后发、审核失败重试、隐藏和恢复同步公开页面
[21/113] tests\e2e\blog.spec.ts:833:1 › 站点资料保存失败保留、前台与 feed 同步、配置冲突和历史恢复
[22/113] tests\e2e\blog.spec.ts:920:1 › 跨标签页登录恢复、撤销其他设备和当前会话退出保持真实权限边界
[23/113] tests\e2e\blog.spec.ts:980:1 › 审计展示真实成功与冲突、筛选刷新和对象跳转且不暴露正文
[24/113] tests\e2e\blog.spec.ts:1033:1 › 内容包下载、上传断线查询与导入结果重读不重复创建草稿
[25/113] tests\e2e\flash-ux.spec.ts:11:1 › 公开闪念可互动，草稿归档受限，手机工具栏和折叠搜索可用
[26/113] tests\e2e\flash-ux.spec.ts:93:1 › 缺失动态与闪念返回404，页面语言和恢复动作正确
[27/113] tests\e2e\flash-ux.spec.ts:107:1 › 闪念网络失败不伪装不存在，重试仍回到原详情
[28/113] tests\e2e\motion-features.spec.ts:95:5 › 长文 nexus/390 快捷键目录与历史
[29/113] tests\e2e\motion-features.spec.ts:95:5 › 长文 nexus/1440 快捷键目录与历史
[30/113] tests\e2e\motion-features.spec.ts:95:5 › 长文 aurora/390 快捷键目录与历史
[31/113] tests\e2e\motion-features.spec.ts:95:5 › 长文 aurora/1440 快捷键目录与历史
[32/113] tests\e2e\motion-features.spec.ts:95:5 › 长文 dock/390 快捷键目录与历史
[33/113] tests\e2e\motion-features.spec.ts:95:5 › 长文 dock/1440 快捷键目录与历史
[34/113] tests\e2e\motion-features.spec.ts:131:3 › 阅读 nexus 回顶可被滚轮中断，运行中reduce完成滚动
[35/113] tests\e2e\motion-features.spec.ts:131:3 › 阅读 aurora 回顶可被滚轮中断，运行中reduce完成滚动
[36/113] tests\e2e\motion-features.spec.ts:131:3 › 阅读 dock 回顶可被滚轮中断，运行中reduce完成滚动
[37/113] tests\e2e\motion-features.spec.ts:176:1 › Aurora紧凑顶栏的前后导航项均可通过真实点击到达
[38/113] tests\e2e\motion-features.spec.ts:192:1 › 书签键盘和真实拖拽均能持久化顺序，导入逐层关闭
[39/113] tests\e2e\motion-features.spec.ts:253:1 › AI演示搜索关闭后迟到结果不覆盖新会话
[40/113] tests\e2e\motion-features.spec.ts:272:1 › Aurora减少模式和默认模式静止，手动播放可暂停
[41/113] tests\e2e\motion-features.spec.ts:297:1 › 图片灯箱切换后关闭释放背景，快捷键命令面板可退出
[42/113] tests\e2e\motion-features.spec.ts:316:1 › 书签上下文编辑退出回到原书签，图标选择器与分组弹窗可关闭
[43/113] tests\e2e\motion-remediation.spec.ts:43:1 › 首屏内容就绪后，加载层淡出不再拦截操作
[44/113] tests\e2e\motion-remediation.spec.ts:69:5 › 慢请求 nexus/normal 被导航取消后不会覆盖全宽页面
[45/113] tests\e2e\motion-remediation.spec.ts:69:5 › 慢请求 nexus/off 被导航取消后不会覆盖全宽页面
[46/113] tests\e2e\motion-remediation.spec.ts:69:5 › 慢请求 nexus/reduce 被导航取消后不会覆盖全宽页面
[47/113] tests\e2e\motion-remediation.spec.ts:69:5 › 慢请求 aurora/normal 被导航取消后不会覆盖全宽页面
[48/113] tests\e2e\motion-remediation.spec.ts:69:5 › 慢请求 aurora/off 被导航取消后不会覆盖全宽页面
[49/113] tests\e2e\motion-remediation.spec.ts:69:5 › 慢请求 aurora/reduce 被导航取消后不会覆盖全宽页面
[50/113] tests\e2e\motion-remediation.spec.ts:69:5 › 慢请求 dock/normal 被导航取消后不会覆盖全宽页面
[51/113] tests\e2e\motion-remediation.spec.ts:69:5 › 慢请求 dock/off 被导航取消后不会覆盖全宽页面
[52/113] tests\e2e\motion-remediation.spec.ts:69:5 › 慢请求 dock/reduce 被导航取消后不会覆盖全宽页面
[53/113] tests\e2e\motion-remediation.spec.ts:129:3 › 离开文章时取消related初始化读取并保持目标页面
[54/113] tests\e2e\motion-remediation.spec.ts:129:3 › 离开文章时取消navigation初始化读取并保持目标页面
[55/113] tests\e2e\motion-remediation.spec.ts:129:3 › 离开文章时取消comments初始化读取并保持目标页面
[56/113] tests\e2e\motion-remediation.spec.ts:167:1 › 仍在当前文章的真实请求失败继续显示503错误反馈
[57/113] tests\e2e\motion-remediation.spec.ts:185:7 › 导航 nexus/normal/30ms 最终页面完整
[58/113] tests\e2e\motion-remediation.spec.ts:185:7 › 导航 nexus/normal/120ms 最终页面完整
[59/113] tests\e2e\motion-remediation.spec.ts:185:7 › 导航 nexus/normal/300ms 最终页面完整
[60/113] tests\e2e\motion-remediation.spec.ts:185:7 › 导航 nexus/off/30ms 最终页面完整
[61/113] tests\e2e\motion-remediation.spec.ts:185:7 › 导航 nexus/off/120ms 最终页面完整
[62/113] tests\e2e\motion-remediation.spec.ts:185:7 › 导航 nexus/off/300ms 最终页面完整
[63/113] tests\e2e\motion-remediation.spec.ts:185:7 › 导航 nexus/reduce/30ms 最终页面完整
[64/113] tests\e2e\motion-remediation.spec.ts:185:7 › 导航 nexus/reduce/120ms 最终页面完整
[65/113] tests\e2e\motion-remediation.spec.ts:185:7 › 导航 nexus/reduce/300ms 最终页面完整
[66/113] tests\e2e\motion-remediation.spec.ts:185:7 › 导航 aurora/normal/30ms 最终页面完整
[67/113] tests\e2e\motion-remediation.spec.ts:185:7 › 导航 aurora/normal/120ms 最终页面完整
[68/113] tests\e2e\motion-remediation.spec.ts:185:7 › 导航 aurora/normal/300ms 最终页面完整
[69/113] tests\e2e\motion-remediation.spec.ts:185:7 › 导航 aurora/off/30ms 最终页面完整
[70/113] tests\e2e\motion-remediation.spec.ts:185:7 › 导航 aurora/off/120ms 最终页面完整
[71/113] tests\e2e\motion-remediation.spec.ts:185:7 › 导航 aurora/off/300ms 最终页面完整
[72/113] tests\e2e\motion-remediation.spec.ts:185:7 › 导航 aurora/reduce/30ms 最终页面完整
[73/113] tests\e2e\motion-remediation.spec.ts:185:7 › 导航 aurora/reduce/120ms 最终页面完整
[74/113] tests\e2e\motion-remediation.spec.ts:185:7 › 导航 aurora/reduce/300ms 最终页面完整
[75/113] tests\e2e\motion-remediation.spec.ts:185:7 › 导航 dock/normal/30ms 最终页面完整
[76/113] tests\e2e\motion-remediation.spec.ts:185:7 › 导航 dock/normal/120ms 最终页面完整
[77/113] tests\e2e\motion-remediation.spec.ts:185:7 › 导航 dock/normal/300ms 最终页面完整
[78/113] tests\e2e\motion-remediation.spec.ts:185:7 › 导航 dock/off/30ms 最终页面完整
[79/113] tests\e2e\motion-remediation.spec.ts:185:7 › 导航 dock/off/120ms 最终页面完整
[80/113] tests\e2e\motion-remediation.spec.ts:185:7 › 导航 dock/off/300ms 最终页面完整
[81/113] tests\e2e\motion-remediation.spec.ts:185:7 › 导航 dock/reduce/30ms 最终页面完整
[82/113] tests\e2e\motion-remediation.spec.ts:185:7 › 导航 dock/reduce/120ms 最终页面完整
[83/113] tests\e2e\motion-remediation.spec.ts:185:7 › 导航 dock/reduce/300ms 最终页面完整
[84/113] tests\e2e\motion-remediation.spec.ts:227:3 › 取消导航恢复 nexus 侧栏
[85/113] tests\e2e\motion-remediation.spec.ts:227:3 › 取消导航恢复 aurora 侧栏
[86/113] tests\e2e\motion-remediation.spec.ts:253:3 › 搜索 keyboard 导航不重开并聚焦正文
[87/113] tests\e2e\motion-remediation.spec.ts:253:3 › 搜索 mouse 导航不重开并聚焦正文
[88/113] tests\e2e\motion-remediation.spec.ts:277:1 › 颜色切换100次不增加媒体查询订阅，模态30次无残留锁
[89/113] tests\e2e\motion-remediation.spec.ts:317:1 › 运行中减少动态效果停止运动，关闭后不依赖结束事件
[90/113] tests\e2e\motion-remediation.spec.ts:354:1 › 照片失败保持占位，恢复后可重试且不跳动
[91/113] tests\e2e\motion-remediation.spec.ts:370:1 › Tooltip支持Esc并保留焦点
[92/113] tests\e2e\motion-remediation.spec.ts:384:3 › 长提示 320px 可键盘阅读、悬停保持且不越界
[93/113] tests\e2e\motion-remediation.spec.ts:384:3 › 长提示 1440px 可键盘阅读、悬停保持且不越界
[94/113] tests\e2e\motion-remediation.spec.ts:415:1 › 正常页面仍有受控进入和离场，减少模式保留页面实例
[95/113] tests\e2e\reading-ux.spec.ts:24:1 › 长标题与正文在三主题和手机可读，目录不遮挡且文末进度完成
[96/113] tests\e2e\ux-remediation.spec.ts:10:1 › 关闭JavaScript时首屏仍包含服务端文章列表
[97/113] tests\e2e\ux-remediation.spec.ts:29:1 › 画廊检索使用照片标题描述与地点，空态可恢复且灯箱归还焦点
[98/113] tests\e2e\ux-remediation.spec.ts:50:1 › 收藏写入失败不假装成功，存储恢复后可收藏并刷新保留
[99/113] tests\e2e\ux-remediation.spec.ts:72:1 › 未上线动作前置说明，项目无占位链接，演示留言不发出业务写入
[100/113] tests\e2e\ux-remediation.spec.ts:124:3 › nexus的页码筛选刷新与返回保留位置，连续模式返回补齐前缀
[101/113] tests\e2e\ux-remediation.spec.ts:124:3 › aurora的页码筛选刷新与返回保留位置，连续模式返回补齐前缀
[102/113] tests\e2e\ux-remediation.spec.ts:124:3 › dock的页码筛选刷新与返回保留位置，连续模式返回补齐前缀
[103/113] tests\e2e\ux-remediation.spec.ts:178:1 › 旧朋友圈锚点入口与独立列表使用同一搜索URL和数据
[104/113] tests\e2e\ux-remediation.spec.ts:194:1 › 三主题明暗色的正文辅助与强调文字对比、设置焦点和减动效
[105/113] tests\e2e\ux-remediation.spec.ts:260:1 › 搜索可以循环焦点、Esc关闭、保留原生结果链接并恢复触发点
[106/113] tests\e2e\ux-remediation.spec.ts:278:1 › 三主题的手机登录只打开一个表单并归还焦点
[107/113] tests\e2e\ux-remediation.spec.ts:296:1 › 网络请求失败时切换主题仍保留文章和未发送的评论
[108/113] tests\e2e\ux-remediation.spec.ts:311:1 › 评论请求在途切换主题仍保持忙碌状态并只提交一次
[109/113] tests\e2e\ux-remediation.spec.ts:337:1 › 书签设置与导入嵌套时只关闭顶层，命令面板无结果也可键盘退出
[110/113] tests\e2e\ux-remediation.spec.ts:373:3 › 首页切连续，失败重试后全部文章唯一有序完整
[111/113] tests\e2e\ux-remediation.spec.ts:373:3 › 末页切连续，失败重试后全部文章唯一有序完整
[112/113] tests\e2e\ux-remediation.spec.ts:423:1 › 三主题六个有向切换保留评论草稿与回复目标，且无空白或页面异常
[113/113] tests\e2e\ux-remediation.spec.ts:458:1 › 320至1024px均能使用文章筛选、目录、书签分组和登录
  113 passed (8.8m)
